// Jest Snapshot v1, https://goo.gl/fbAQLP

exports[`<Y /> renders 1`] = `
ShallowWrapper {
  "complexSelector": ComplexSelector {
    "buildPredicate": [Function],
    "childrenOfNode": [Function],
    "findWhereUnwrapped": [Function],
  },
  "length": 1,
  "node": <div>
    <h1>
        welcome to component y
    </h1>
    <h2
        onClick={[Function]}
    />
</div>,
  "nodes": Array [
    <div>
      <h1>
            welcome to component y
      </h1>
      <h2
            onClick={[Function]}
      />
</div>,
  ],
  "options": Object {},
  "renderer": ReactShallowRenderer {
    "_instance": ShallowComponentWrapper {
      "_calledComponentWillUnmount": false,
      "_compositeType": 0,
      "_context": Object {},
      "_currentElement": <Y
        welcomeMessage="welcome to component y"
/>,
      "_debugID": 1,
      "_hostContainerInfo": null,
      "_hostParent": null,
      "_instance": Y {
        "_reactInternalInstance": [Circular],
        "context": Object {},
        "props": Object {
          "welcomeMessage": "welcome to component y",
        },
        "refs": Object {},
        "state": Object {
          "numberOfClicks": 0,
        },
        "updater": Object {
          "enqueueCallback": [Function],
          "enqueueCallbackInternal": [Function],
          "enqueueElementInternal": [Function],
          "enqueueForceUpdate": [Function],
          "enqueueReplaceState": [Function],
          "enqueueSetState": [Function],
          "isMounted": [Function],
          "validateCallback": [Function],
        },
      },
      "_mountOrder": 1,
      "_pendingCallbacks": null,
      "_pendingElement": null,
      "_pendingForceUpdate": false,
      "_pendingReplaceState": false,
      "_pendingStateQueue": null,
      "_renderedComponent": NoopInternalComponent {
        "_currentElement": <div>
          <h1>
                    welcome to component y
          </h1>
          <h2
                    onClick={[Function]}
          />
</div>,
        "_debugID": 2,
        "_renderedOutput": <div>
          <h1>
                    welcome to component y
          </h1>
          <h2
                    onClick={[Function]}
          />
</div>,
      },
      "_renderedNodeType": 0,
      "_rootNodeID": 0,
      "_topLevelWrapper": null,
      "_updateBatchNumber": null,
      "_warnedAboutRefsInRender": false,
    },
    "getRenderOutput": [Function],
    "render": [Function],
  },
  "root": [Circular],
  "unrendered": <Y
    welcomeMessage="welcome to component y"
/>,
}
`;
